[LOGGING] Output also redirected to output/balanced_dataset\20251214_185411\pipeline.log

--- Generating Class C (Target FI: 0.0-1.0%) ---
[18:54:11] [System] Production Line Started
[RockWorker] Generating fresh rocks (Strategy: FrontChainPacking)
[RockWorker] Achieved Density: 0.602, Porosity: 0.398
[DegradationWorker] No degradation (fresh ballast)
[FoulingWorker] FI Class: CL (PVC=0.9653126655593199%, n=0.398)
[18:54:14] [System] Base Checkpoint Created
[LabWorker] Starting Virtual Sieve Analysis (Horizontal Sampling)...
[LabWorker] Sampling Layer: Y=[0.500, 0.650] (H=15.0cm)
[LabWorker] Layer Stats: RockArea=0.0438m2, Porosity=0.416
[LabWorker] Result (H=0.15m): FI=1.6 (P4=1.3%, P200=0.4%) -> Class: CL
[18:54:14] [System] === Scene Validation ===
[18:54:14] [System]   [VALIDATION] Discretization (0.005, 0.005, 0.005) too coarse for domain (0.5, 1.5, 0.005)
[18:54:14] [System] === Scene Statistics ===
[18:54:14] [System]   Materials: 4
[18:54:14] [System]   Geometry Commands: 74
[18:54:14] [System]   Rocks: 68
[18:54:14] [System]   Sources: 1
[18:54:14] [System]   Receivers: 1
[18:54:14] [System]   Antennas Configured: True
[18:54:14] [System]   Domain: 0.50×1.50×0.01m
[18:54:14] [System]   Resolution: 0.0050×0.0050×0.0050m
[18:54:14] [System] Production Line Completed
  → Metadata: PVC=0.97%, FI=0.0, Class=N/A, Rocks=68
  ⚠ Validation warnings: 1 issue(s)
    - Discretization (0.005, 0.005, 0.005) too coarse for domain (0.5, 1.5, 0.005)
[OK] Sample 0: 1 file generated

--- Generating Class MC (Target FI: 1.0-10.0%) ---
[18:54:14] [System] Production Line Started
[RockWorker] Generating fresh rocks (Strategy: FrontChainPacking)
[RockWorker] Achieved Density: 0.582, Porosity: 0.418
[DegradationWorker] No degradation (fresh ballast)
[FoulingWorker] FI Class: CL (PVC=10.053393106433102%, n=0.418)
[18:54:16] [System] Base Checkpoint Created
[LabWorker] Starting Virtual Sieve Analysis (Horizontal Sampling)...
[LabWorker] Sampling Layer: Y=[0.500, 0.650] (H=15.0cm)
[LabWorker] Layer Stats: RockArea=0.0431m2, Porosity=0.425
[LabWorker] Result (H=0.15m): FI=15.8 (P4=12.2%, P200=3.7%) -> Class: MF
[18:54:16] [System] === Scene Validation ===
[18:54:16] [System]   [VALIDATION] Discretization (0.005, 0.005, 0.005) too coarse for domain (0.5, 1.5, 0.005)
[18:54:16] [System] === Scene Statistics ===
[18:54:16] [System]   Materials: 4
[18:54:16] [System]   Geometry Commands: 82
[18:54:16] [System]   Rocks: 65
[18:54:16] [System]   Sources: 1
[18:54:16] [System]   Receivers: 1
[18:54:16] [System]   Antennas Configured: True
[18:54:16] [System]   Domain: 0.50×1.50×0.01m
[18:54:16] [System]   Resolution: 0.0050×0.0050×0.0050m
[18:54:16] [System] Production Line Completed
  → Metadata: PVC=10.05%, FI=0.0, Class=N/A, Rocks=65
  ⚠ Validation warnings: 1 issue(s)
    - Discretization (0.005, 0.005, 0.005) too coarse for domain (0.5, 1.5, 0.005)
[OK] Sample 1: 1 file generated

--- Generating Class MF (Target FI: 10.0-20.0%) ---
[18:54:16] [System] Production Line Started
[RockWorker] Generating fresh rocks (Strategy: FrontChainPacking)
[RockWorker] Achieved Density: 0.597, Porosity: 0.403
[DegradationWorker] No degradation (fresh ballast)
[FoulingWorker] FI Class: MF (PVC=19.37325267579253%, n=0.403)
[18:54:20] [System] Base Checkpoint Created
[LabWorker] Starting Virtual Sieve Analysis (Horizontal Sampling)...
[LabWorker] Sampling Layer: Y=[0.500, 0.650] (H=15.0cm)
[LabWorker] Layer Stats: RockArea=0.0423m2, Porosity=0.436
[LabWorker] Result (H=0.15m): FI=28.4 (P4=21.8%, P200=6.5%) -> Class: F
[18:54:20] [System] === Scene Validation ===
[18:54:20] [System]   [VALIDATION] Discretization (0.005, 0.005, 0.005) too coarse for domain (0.5, 1.5, 0.005)
[18:54:20] [System] === Scene Statistics ===
[18:54:20] [System]   Materials: 4
[18:54:20] [System]   Geometry Commands: 109
[18:54:20] [System]   Rocks: 66
[18:54:20] [System]   Sources: 1
[18:54:20] [System]   Receivers: 1
[18:54:20] [System]   Antennas Configured: True
[18:54:20] [System]   Domain: 0.50×1.50×0.01m
[18:54:20] [System]   Resolution: 0.0050×0.0050×0.0050m
[18:54:20] [System] Production Line Completed
  → Metadata: PVC=19.37%, FI=0.0, Class=N/A, Rocks=66
  ⚠ Validation warnings: 1 issue(s)
    - Discretization (0.005, 0.005, 0.005) too coarse for domain (0.5, 1.5, 0.005)
[OK] Sample 2: 1 file generated

--- Generating Class F (Target FI: 20.0-40.0%) ---
[18:54:20] [System] Production Line Started
[RockWorker] Generating fresh rocks (Strategy: FrontChainPacking)
[RockWorker] Achieved Density: 0.585, Porosity: 0.415
[DegradationWorker] No degradation (fresh ballast)
[FoulingWorker] FI Class: F (PVC=74.75231142119728%, n=0.415)
[18:54:21] [System] Base Checkpoint Created
[LabWorker] Starting Virtual Sieve Analysis (Horizontal Sampling)...
[LabWorker] Sampling Layer: Y=[0.500, 0.650] (H=15.0cm)
[LabWorker] Layer Stats: RockArea=0.0444m2, Porosity=0.408
[LabWorker] Result (H=0.15m): FI=53.0 (P4=40.8%, P200=12.2%) -> Class: HF
[18:54:21] [System] === Scene Validation ===
[18:54:21] [System]   [VALIDATION] Discretization (0.005, 0.005, 0.005) too coarse for domain (0.5, 1.5, 0.005)
[18:54:21] [System] === Scene Statistics ===
[18:54:21] [System]   Materials: 4
[18:54:21] [System]   Geometry Commands: 223
[18:54:21] [System]   Rocks: 69
[18:54:21] [System]   Sources: 1
[18:54:21] [System]   Receivers: 1
[18:54:21] [System]   Antennas Configured: True
[18:54:21] [System]   Domain: 0.50×1.50×0.01m
[18:54:21] [System]   Resolution: 0.0050×0.0050×0.0050m
[18:54:21] [System] Production Line Completed
  → Metadata: PVC=74.75%, FI=0.0, Class=N/A, Rocks=69
  ⚠ Validation warnings: 1 issue(s)
    - Discretization (0.005, 0.005, 0.005) too coarse for domain (0.5, 1.5, 0.005)
[OK] Sample 3: 1 file generated

--- Generating Class HF (Target FI: 40.0-50.0%) ---
[18:54:21] [System] Production Line Started
[RockWorker] Generating fresh rocks (Strategy: FrontChainPacking)
[RockWorker] Achieved Density: 0.577, Porosity: 0.423
[DegradationWorker] No degradation (fresh ballast)
[FoulingWorker] FI Class: HF (PVC=100.0%, n=0.423)
[18:54:23] [System] Base Checkpoint Created
[LabWorker] Starting Virtual Sieve Analysis (Horizontal Sampling)...
[LabWorker] Sampling Layer: Y=[0.500, 0.650] (H=15.0cm)
[LabWorker] Layer Stats: RockArea=0.0416m2, Porosity=0.445
[LabWorker] Result (H=0.15m): FI=57.9 (P4=44.5%, P200=13.4%) -> Class: HF
[18:54:23] [System] === Scene Validation ===
[18:54:23] [System]   [VALIDATION] Discretization (0.005, 0.005, 0.005) too coarse for domain (0.5, 1.5, 0.005)
[18:54:23] [System] === Scene Statistics ===
[18:54:23] [System]   Materials: 4
[18:54:23] [System]   Geometry Commands: 274
[18:54:23] [System]   Rocks: 69
[18:54:23] [System]   Sources: 1
[18:54:23] [System]   Receivers: 1
[18:54:23] [System]   Antennas Configured: True
[18:54:23] [System]   Domain: 0.50×1.50×0.01m
[18:54:23] [System]   Resolution: 0.0050×0.0050×0.0050m
[18:54:23] [System] Production Line Completed
  → Metadata: PVC=100.00%, FI=0.0, Class=N/A, Rocks=69
  ⚠ Validation warnings: 1 issue(s)
    - Discretization (0.005, 0.005, 0.005) too coarse for domain (0.5, 1.5, 0.005)
[OK] Sample 4: 1 file generated
[OK] Full Metadata saved to output/balanced_dataset\20251214_185411\metadata.csv with 5 rows
[OK] Created output/balanced_dataset\20251214_185411\run_simulations.bat
[OK] Created output/balanced_dataset\20251214_185411\extract_features.bat
[OK] Created output/balanced_dataset\20251214_185411\visualize_blueprints.bat
