[LOGGING] Output also redirected to output/balanced_dataset\20251214_185859\pipeline.log

--- Generating Class C (Target FI: 0.0-1.0%) ---
[18:58:59] [System] Production Line Started
[RockWorker] Generating fresh rocks (Strategy: FrontChainPacking)
[RockWorker] Achieved Density: 0.602, Porosity: 0.398
[DegradationWorker] No degradation (fresh ballast)
[FoulingWorker] FI Class: CL (PVC=0.9653126655593199%, n=0.398)
[18:59:02] [System] Base Checkpoint Created
[LabWorker] Starting Virtual Sieve Analysis (Horizontal Sampling)...
[LabWorker] Sampling Layer: Y=[0.500, 0.650] (H=15.0cm)
[LabWorker] Layer Stats: RockArea=0.0438m2, Porosity=0.416
[LabWorker] Result (H=0.15m): FI=1.6 (P4=1.3%, P200=0.4%) -> Class: CL
[18:59:02] [System] === Scene Validation ===
[18:59:02] [System]   [VALIDATION] Discretization (0.005, 0.005, 0.005) too coarse for domain (0.5, 1.5, 0.005)
[18:59:02] [System] === Scene Statistics ===
[18:59:02] [System]   Materials: 4
[18:59:02] [System]   Geometry Commands: 74
[18:59:02] [System]   Rocks: 68
[18:59:02] [System]   Sources: 1
[18:59:02] [System]   Receivers: 1
[18:59:02] [System]   Antennas Configured: True
[18:59:02] [System]   Domain: 0.50×1.50×0.01m
[18:59:02] [System]   Resolution: 0.0050×0.0050×0.0050m
[18:59:02] [System] Production Line Completed
  → Metadata: PVC=0.97%, FI=0.0, Class=N/A, Rocks=68
  ⚠ Validation warnings: 1 issue(s)
    - Discretization (0.005, 0.005, 0.005) too coarse for domain (0.5, 1.5, 0.005)
[OK] Sample 0: 1 file generated
