
=== start Mon Jun 29 21:35:08 2026  PK=20000m  total=4704  already=0  limit=3 ===
=== finished Mon Jun 29 21:35:29 2026  ran=3  elapsed=0.01h ===

=== start Mon Jun 29 21:44:10 2026  PK=20000m  total=4704  already=3  limit=0 ===
Mon Jun 29 21:49:41 2026  done=53/4704  rate=0.15/s  eta=8.5h
Mon Jun 29 21:55:23 2026  done=103/4704  rate=0.15/s  eta=8.6h
Mon Jun 29 22:00:47 2026  done=153/4704  rate=0.15/s  eta=8.4h
Mon Jun 29 22:06:28 2026  done=203/4704  rate=0.15/s  eta=8.4h
Mon Jun 29 22:12:07 2026  done=253/4704  rate=0.15/s  eta=8.3h
Mon Jun 29 22:17:49 2026  done=303/4704  rate=0.15/s  eta=8.2h
Mon Jun 29 22:23:28 2026  done=353/4704  rate=0.15/s  eta=8.1h
Mon Jun 29 22:29:06 2026  done=403/4704  rate=0.15/s  eta=8.1h
Mon Jun 29 22:34:49 2026  done=453/4704  rate=0.15/s  eta=8.0h
Mon Jun 29 22:40:26 2026  done=503/4704  rate=0.15/s  eta=7.9h
Mon Jun 29 22:46:07 2026  done=553/4704  rate=0.15/s  eta=7.8h
Mon Jun 29 22:51:45 2026  done=603/4704  rate=0.15/s  eta=7.7h
Mon Jun 29 22:57:24 2026  done=653/4704  rate=0.15/s  eta=7.6h
Mon Jun 29 23:03:07 2026  done=703/4704  rate=0.15/s  eta=7.5h
Mon Jun 29 23:08:50 2026  done=753/4704  rate=0.15/s  eta=7.4h
Mon Jun 29 23:14:34 2026  done=803/4704  rate=0.15/s  eta=7.3h
Mon Jun 29 23:20:09 2026  done=853/4704  rate=0.15/s  eta=7.2h
Mon Jun 29 23:25:52 2026  done=903/4704  rate=0.15/s  eta=7.2h
Mon Jun 29 23:31:35 2026  done=953/4704  rate=0.15/s  eta=7.1h
Mon Jun 29 23:37:17 2026  done=1003/4704  rate=0.15/s  eta=7.0h
Mon Jun 29 23:42:55 2026  done=1053/4704  rate=0.15/s  eta=6.9h
Mon Jun 29 23:48:37 2026  done=1103/4704  rate=0.15/s  eta=6.8h
Mon Jun 29 23:54:15 2026  done=1153/4704  rate=0.15/s  eta=6.7h
Mon Jun 29 23:59:53 2026  done=1203/4704  rate=0.15/s  eta=6.6h
Tue Jun 30 00:05:37 2026  done=1253/4704  rate=0.15/s  eta=6.5h
Tue Jun 30 00:11:14 2026  done=1303/4704  rate=0.15/s  eta=6.4h
Tue Jun 30 00:16:53 2026  done=1353/4704  rate=0.15/s  eta=6.3h
Tue Jun 30 00:22:32 2026  done=1403/4704  rate=0.15/s  eta=6.2h
Tue Jun 30 00:28:13 2026  done=1453/4704  rate=0.15/s  eta=6.1h
Tue Jun 30 00:33:54 2026  done=1503/4704  rate=0.15/s  eta=6.0h
Tue Jun 30 00:39:33 2026  done=1553/4704  rate=0.15/s  eta=5.9h
Tue Jun 30 00:45:15 2026  done=1603/4704  rate=0.15/s  eta=5.8h
Tue Jun 30 00:50:58 2026  done=1653/4704  rate=0.15/s  eta=5.8h
Tue Jun 30 00:56:42 2026  done=1703/4704  rate=0.15/s  eta=5.7h
Tue Jun 30 01:02:26 2026  done=1753/4704  rate=0.15/s  eta=5.6h
Tue Jun 30 01:08:06 2026  done=1803/4704  rate=0.15/s  eta=5.5h
Tue Jun 30 01:13:44 2026  done=1853/4704  rate=0.15/s  eta=5.4h
Tue Jun 30 01:19:25 2026  done=1903/4704  rate=0.15/s  eta=5.3h
Tue Jun 30 01:25:05 2026  done=1953/4704  rate=0.15/s  eta=5.2h
Tue Jun 30 01:30:46 2026  done=2003/4704  rate=0.15/s  eta=5.1h
Tue Jun 30 01:36:24 2026  done=2053/4704  rate=0.15/s  eta=5.0h
Tue Jun 30 01:42:03 2026  done=2103/4704  rate=0.15/s  eta=4.9h
Tue Jun 30 01:47:41 2026  done=2153/4704  rate=0.15/s  eta=4.8h
Tue Jun 30 01:53:20 2026  done=2203/4704  rate=0.15/s  eta=4.7h
Tue Jun 30 01:58:58 2026  done=2253/4704  rate=0.15/s  eta=4.6h
Tue Jun 30 02:04:37 2026  done=2303/4704  rate=0.15/s  eta=4.5h
Tue Jun 30 02:10:16 2026  done=2353/4704  rate=0.15/s  eta=4.4h
Tue Jun 30 02:15:52 2026  done=2403/4704  rate=0.15/s  eta=4.3h
Tue Jun 30 02:21:30 2026  done=2453/4704  rate=0.15/s  eta=4.2h
Tue Jun 30 02:27:08 2026  done=2503/4704  rate=0.15/s  eta=4.2h
Tue Jun 30 02:32:47 2026  done=2553/4704  rate=0.15/s  eta=4.1h
Tue Jun 30 02:38:23 2026  done=2603/4704  rate=0.15/s  eta=4.0h
Tue Jun 30 02:44:03 2026  done=2653/4704  rate=0.15/s  eta=3.9h
Tue Jun 30 02:49:43 2026  done=2703/4704  rate=0.15/s  eta=3.8h
Tue Jun 30 02:55:18 2026  done=2753/4704  rate=0.15/s  eta=3.7h
Tue Jun 30 03:00:56 2026  done=2803/4704  rate=0.15/s  eta=3.6h
Tue Jun 30 03:06:35 2026  done=2853/4704  rate=0.15/s  eta=3.5h
Tue Jun 30 03:12:14 2026  done=2903/4704  rate=0.15/s  eta=3.4h
Tue Jun 30 03:17:53 2026  done=2953/4704  rate=0.15/s  eta=3.3h
Tue Jun 30 03:23:31 2026  done=3003/4704  rate=0.15/s  eta=3.2h
Tue Jun 30 03:29:08 2026  done=3053/4704  rate=0.15/s  eta=3.1h
Tue Jun 30 03:34:44 2026  done=3103/4704  rate=0.15/s  eta=3.0h
Tue Jun 30 03:40:23 2026  done=3153/4704  rate=0.15/s  eta=2.9h
Tue Jun 30 03:46:01 2026  done=3203/4704  rate=0.15/s  eta=2.8h
Tue Jun 30 03:51:40 2026  done=3253/4704  rate=0.15/s  eta=2.7h
Tue Jun 30 03:57:17 2026  done=3303/4704  rate=0.15/s  eta=2.6h
Tue Jun 30 04:02:57 2026  done=3353/4704  rate=0.15/s  eta=2.5h
Tue Jun 30 04:08:34 2026  done=3403/4704  rate=0.15/s  eta=2.5h
Tue Jun 30 04:14:11 2026  done=3453/4704  rate=0.15/s  eta=2.4h
Tue Jun 30 04:19:48 2026  done=3503/4704  rate=0.15/s  eta=2.3h
Tue Jun 30 04:25:25 2026  done=3553/4704  rate=0.15/s  eta=2.2h
Tue Jun 30 04:31:02 2026  done=3603/4704  rate=0.15/s  eta=2.1h
Tue Jun 30 04:36:41 2026  done=3653/4704  rate=0.15/s  eta=2.0h
Tue Jun 30 04:42:20 2026  done=3703/4704  rate=0.15/s  eta=1.9h
Tue Jun 30 04:47:57 2026  done=3753/4704  rate=0.15/s  eta=1.8h
Tue Jun 30 04:53:36 2026  done=3803/4704  rate=0.15/s  eta=1.7h
Tue Jun 30 04:59:14 2026  done=3853/4704  rate=0.15/s  eta=1.6h
Tue Jun 30 05:04:53 2026  done=3903/4704  rate=0.15/s  eta=1.5h
Tue Jun 30 05:10:28 2026  done=3953/4704  rate=0.15/s  eta=1.4h
Tue Jun 30 05:16:06 2026  done=4003/4704  rate=0.15/s  eta=1.3h
Tue Jun 30 05:21:42 2026  done=4053/4704  rate=0.15/s  eta=1.2h
Tue Jun 30 05:27:21 2026  done=4103/4704  rate=0.15/s  eta=1.1h
Tue Jun 30 05:32:58 2026  done=4153/4704  rate=0.15/s  eta=1.0h
Tue Jun 30 05:38:35 2026  done=4203/4704  rate=0.15/s  eta=0.9h
Tue Jun 30 05:44:16 2026  done=4253/4704  rate=0.15/s  eta=0.8h
Tue Jun 30 05:49:53 2026  done=4303/4704  rate=0.15/s  eta=0.8h
Tue Jun 30 05:55:30 2026  done=4353/4704  rate=0.15/s  eta=0.7h
Tue Jun 30 06:01:09 2026  done=4403/4704  rate=0.15/s  eta=0.6h
Tue Jun 30 06:06:45 2026  done=4453/4704  rate=0.15/s  eta=0.5h
Tue Jun 30 06:12:25 2026  done=4503/4704  rate=0.15/s  eta=0.4h
Tue Jun 30 06:18:02 2026  done=4553/4704  rate=0.15/s  eta=0.3h
Tue Jun 30 06:23:49 2026  done=4603/4704  rate=0.15/s  eta=0.2h
Tue Jun 30 06:29:26 2026  done=4653/4704  rate=0.15/s  eta=0.1h
Tue Jun 30 06:34:29 2026  done=4703/4704  rate=0.15/s  eta=0.0h
=== finished Tue Jun 30 06:34:34 2026  ran=4701  elapsed=8.84h ===
